Archive member included to satisfy reference by file (symbol)

c:/program files (x86)/atmel/studio/7.0/toolchain/avr8/avr8-gnu-toolchain/bin/../lib/gcc/avr/5.4.0/avr5\libgcc.a(_exit.o)
                              C:/Program Files (x86)/Atmel/Studio/7.0/Packs/atmel/ATmega_DFP/1.2.150/gcc/dev/atmega32u4/avr5/crtatmega32u4.o (exit)
c:/program files (x86)/atmel/studio/7.0/toolchain/avr8/avr8-gnu-toolchain/bin/../lib/gcc/avr/5.4.0/avr5\libgcc.a(_tablejump2.o)
                              src/funcoes.o (__tablejump2__)
c:/program files (x86)/atmel/studio/7.0/toolchain/avr8/avr8-gnu-toolchain/bin/../lib/gcc/avr/5.4.0/avr5\libgcc.a(_copy_data.o)
                              src/main.o (__do_copy_data)
c:/program files (x86)/atmel/studio/7.0/toolchain/avr8/avr8-gnu-toolchain/bin/../lib/gcc/avr/5.4.0/avr5\libgcc.a(_clear_bss.o)
                              src/funcoes.o (__do_clear_bss)

Allocating common symbols
Common symbol       size              file

tempo               0xa               src/funcoes.o

Discarded input sections

 .data          0x00000000        0x0 C:/Program Files (x86)/Atmel/Studio/7.0/Packs/atmel/ATmega_DFP/1.2.150/gcc/dev/atmega32u4/avr5/crtatmega32u4.o
 .bss           0x00000000        0x0 C:/Program Files (x86)/Atmel/Studio/7.0/Packs/atmel/ATmega_DFP/1.2.150/gcc/dev/atmega32u4/avr5/crtatmega32u4.o
 .group         0x00000000        0x8 src/funcoes.o
 .group         0x00000000        0x8 src/funcoes.o
 .group         0x00000000        0x8 src/funcoes.o
 .group         0x00000000        0x8 src/funcoes.o
 .group         0x00000000        0x8 src/funcoes.o
 .group         0x00000000        0x8 src/funcoes.o
 .group         0x00000000        0x8 src/funcoes.o
 .group         0x00000000        0x8 src/funcoes.o
 .group         0x00000000        0x8 src/funcoes.o
 .group         0x00000000        0x8 src/funcoes.o
 .group         0x00000000        0x8 src/funcoes.o
 .group         0x00000000        0x8 src/funcoes.o
 .group         0x00000000        0x8 src/funcoes.o
 .text          0x00000000        0x0 src/funcoes.o
 .data          0x00000000        0x0 src/funcoes.o
 .bss           0x00000000        0x0 src/funcoes.o
 .text.Timer0_init
                0x00000000       0x12 src/funcoes.o
 .text.Read_ADC
                0x00000000       0x2c src/funcoes.o
 .text.Set_PWM_T1A
                0x00000000       0x2c src/funcoes.o
 .text.Set_PWM_T1B
                0x00000000       0x2c src/funcoes.o
 .text.Set_PWM_T1C
                0x00000000       0x2c src/funcoes.o
 .group         0x00000000        0x8 src/lcd_usb.o
 .group         0x00000000        0x8 src/lcd_usb.o
 .group         0x00000000        0x8 src/lcd_usb.o
 .group         0x00000000        0x8 src/lcd_usb.o
 .group         0x00000000        0x8 src/lcd_usb.o
 .group         0x00000000        0x8 src/lcd_usb.o
 .group         0x00000000        0x8 src/lcd_usb.o
 .group         0x00000000        0x8 src/lcd_usb.o
 .group         0x00000000        0x8 src/lcd_usb.o
 .group         0x00000000        0x8 src/lcd_usb.o
 .group         0x00000000        0x8 src/lcd_usb.o
 .group         0x00000000        0x8 src/lcd_usb.o
 .group         0x00000000        0x8 src/lcd_usb.o
 .group         0x00000000        0x8 src/lcd_usb.o
 .text          0x00000000        0x0 src/lcd_usb.o
 .data          0x00000000        0x0 src/lcd_usb.o
 .bss           0x00000000        0x0 src/lcd_usb.o
 .text.toggle_e
                0x00000000        0xe src/lcd_usb.o
 .text.lcd_write
                0x00000000       0x5c src/lcd_usb.o
 .text.lcd_command
                0x00000000       0x10 src/lcd_usb.o
 .text.lcd_data
                0x00000000       0x10 src/lcd_usb.o
 .text.lcd_gotoxy
                0x00000000       0x14 src/lcd_usb.o
 .text.lcd_getxy
                0x00000000        0xe src/lcd_usb.o
 .text.lcd_clrscr
                0x00000000        0x8 src/lcd_usb.o
 .text.lcd_home
                0x00000000        0x8 src/lcd_usb.o
 .text.lcd_putc
                0x00000000       0x1c src/lcd_usb.o
 .text.lcd_puts
                0x00000000       0x20 src/lcd_usb.o
 .text.lcd_puts_p
                0x00000000       0x24 src/lcd_usb.o
 .text.lcd_init
                0x00000000       0x72 src/lcd_usb.o
 .debug_info    0x00000000      0x5d6 src/lcd_usb.o
 .debug_abbrev  0x00000000      0x21d src/lcd_usb.o
 .debug_loc     0x00000000      0x467 src/lcd_usb.o
 .debug_aranges
                0x00000000       0x78 src/lcd_usb.o
 .debug_ranges  0x00000000       0x80 src/lcd_usb.o
 .debug_macro   0x00000000       0xea src/lcd_usb.o
 .debug_macro   0x00000000      0xa4e src/lcd_usb.o
 .debug_macro   0x00000000      0x1c9 src/lcd_usb.o
 .debug_macro   0x00000000      0x2fc src/lcd_usb.o
 .debug_macro   0x00000000       0xaa src/lcd_usb.o
 .debug_macro   0x00000000     0x208b src/lcd_usb.o
 .debug_macro   0x00000000      0x14f src/lcd_usb.o
 .debug_macro   0x00000000       0xd9 src/lcd_usb.o
 .debug_macro   0x00000000       0x34 src/lcd_usb.o
 .debug_macro   0x00000000       0x18 src/lcd_usb.o
 .debug_macro   0x00000000       0x6c src/lcd_usb.o
 .debug_macro   0x00000000       0x10 src/lcd_usb.o
 .debug_macro   0x00000000       0x89 src/lcd_usb.o
 .debug_macro   0x00000000      0x181 src/lcd_usb.o
 .debug_macro   0x00000000      0x1b2 src/lcd_usb.o
 .debug_line    0x00000000      0x560 src/lcd_usb.o
 .debug_str     0x00000000     0xae0e src/lcd_usb.o
 .comment       0x00000000       0x31 src/lcd_usb.o
 .debug_frame   0x00000000      0x104 src/lcd_usb.o
 .group         0x00000000        0x8 src/ASF/common/boards/user_board/init.o
 .group         0x00000000        0x8 src/ASF/common/boards/user_board/init.o
 .group         0x00000000        0x8 src/ASF/common/boards/user_board/init.o
 .group         0x00000000        0x8 src/ASF/common/boards/user_board/init.o
 .group         0x00000000        0x8 src/ASF/common/boards/user_board/init.o
 .group         0x00000000        0x8 src/ASF/common/boards/user_board/init.o
 .group         0x00000000        0x8 src/ASF/common/boards/user_board/init.o
 .group         0x00000000        0x8 src/ASF/common/boards/user_board/init.o
 .group         0x00000000        0x8 src/ASF/common/boards/user_board/init.o
 .group         0x00000000        0x8 src/ASF/common/boards/user_board/init.o
 .group         0x00000000        0x8 src/ASF/common/boards/user_board/init.o
 .group         0x00000000        0x8 src/ASF/common/boards/user_board/init.o
 .group         0x00000000        0x8 src/ASF/common/boards/user_board/init.o
 .group         0x00000000        0x8 src/ASF/common/boards/user_board/init.o
 .group         0x00000000        0x8 src/ASF/common/boards/user_board/init.o
 .group         0x00000000        0x8 src/ASF/common/boards/user_board/init.o
 .group         0x00000000        0x8 src/ASF/common/boards/user_board/init.o
 .group         0x00000000        0x8 src/ASF/common/boards/user_board/init.o
 .group         0x00000000        0x8 src/ASF/common/boards/user_board/init.o
 .group         0x00000000        0x8 src/ASF/common/boards/user_board/init.o
 .group         0x00000000        0x8 src/ASF/common/boards/user_board/init.o
 .group         0x00000000        0x8 src/ASF/common/boards/user_board/init.o
 .group         0x00000000        0x8 src/ASF/common/boards/user_board/init.o
 .group         0x00000000        0x8 src/ASF/common/boards/user_board/init.o
 .group         0x00000000        0x8 src/ASF/common/boards/user_board/init.o
 .text          0x00000000        0x0 src/ASF/common/boards/user_board/init.o
 .data          0x00000000        0x0 src/ASF/common/boards/user_board/init.o
 .bss           0x00000000        0x0 src/ASF/common/boards/user_board/init.o
 .text.board_init
                0x00000000        0x2 src/ASF/common/boards/user_board/init.o
 .debug_info    0x00000000       0x7c src/ASF/common/boards/user_board/init.o
 .debug_abbrev  0x00000000       0x47 src/ASF/common/boards/user_board/init.o
 .debug_aranges
                0x00000000       0x20 src/ASF/common/boards/user_board/init.o
 .debug_ranges  0x00000000       0x10 src/ASF/common/boards/user_board/init.o
 .debug_macro   0x00000000      0x152 src/ASF/common/boards/user_board/init.o
 .debug_macro   0x00000000      0xa4e src/ASF/common/boards/user_board/init.o
 .debug_macro   0x00000000       0x10 src/ASF/common/boards/user_board/init.o
 .debug_macro   0x00000000      0x1c9 src/ASF/common/boards/user_board/init.o
 .debug_macro   0x00000000      0x2fc src/ASF/common/boards/user_board/init.o
 .debug_macro   0x00000000       0x9e src/ASF/common/boards/user_board/init.o
 .debug_macro   0x00000000     0x208b src/ASF/common/boards/user_board/init.o
 .debug_macro   0x00000000      0x14f src/ASF/common/boards/user_board/init.o
 .debug_macro   0x00000000       0xd9 src/ASF/common/boards/user_board/init.o
 .debug_macro   0x00000000       0x34 src/ASF/common/boards/user_board/init.o
 .debug_macro   0x00000000       0x18 src/ASF/common/boards/user_board/init.o
 .debug_macro   0x00000000       0x6c src/ASF/common/boards/user_board/init.o
 .debug_macro   0x00000000       0x22 src/ASF/common/boards/user_board/init.o
 .debug_macro   0x00000000      0x16d src/ASF/common/boards/user_board/init.o
 .debug_macro   0x00000000       0x1c src/ASF/common/boards/user_board/init.o
 .debug_macro   0x00000000       0x35 src/ASF/common/boards/user_board/init.o
 .debug_macro   0x00000000       0x66 src/ASF/common/boards/user_board/init.o
 .debug_macro   0x00000000      0x64b src/ASF/common/boards/user_board/init.o
 .debug_macro   0x00000000       0x44 src/ASF/common/boards/user_board/init.o
 .debug_macro   0x00000000       0x69 src/ASF/common/boards/user_board/init.o
 .debug_macro   0x00000000       0x2c src/ASF/common/boards/user_board/init.o
 .debug_macro   0x00000000       0x10 src/ASF/common/boards/user_board/init.o
 .debug_macro   0x00000000      0x175 src/ASF/common/boards/user_board/init.o
 .debug_macro   0x00000000       0x40 src/ASF/common/boards/user_board/init.o
 .debug_macro   0x00000000      0x100 src/ASF/common/boards/user_board/init.o
 .debug_macro   0x00000000      0x2c0 src/ASF/common/boards/user_board/init.o
 .debug_line    0x00000000      0x392 src/ASF/common/boards/user_board/init.o
 .debug_str     0x00000000    0x12000 src/ASF/common/boards/user_board/init.o
 .comment       0x00000000       0x31 src/ASF/common/boards/user_board/init.o
 .debug_frame   0x00000000       0x24 src/ASF/common/boards/user_board/init.o
 .group         0x00000000        0x8 src/main.o
 .group         0x00000000        0x8 src/main.o
 .group         0x00000000        0x8 src/main.o
 .group         0x00000000        0x8 src/main.o
 .group         0x00000000        0x8 src/main.o
 .group         0x00000000        0x8 src/main.o
 .group         0x00000000        0x8 src/main.o
 .group         0x00000000        0x8 src/main.o
 .group         0x00000000        0x8 src/main.o
 .group         0x00000000        0x8 src/main.o
 .group         0x00000000        0x8 src/main.o
 .group         0x00000000        0x8 src/main.o
 .group         0x00000000        0x8 src/main.o
 .group         0x00000000        0x8 src/main.o
 .group         0x00000000        0x8 src/main.o
 .group         0x00000000        0x8 src/main.o
 .group         0x00000000        0x8 src/main.o
 .group         0x00000000        0x8 src/main.o
 .group         0x00000000        0x8 src/main.o
 .group         0x00000000        0x8 src/main.o
 .group         0x00000000        0x8 src/main.o
 .group         0x00000000        0x8 src/main.o
 .text          0x00000000        0x0 src/main.o
 .data          0x00000000        0x0 src/main.o
 .bss           0x00000000        0x0 src/main.o
 .rodata.pin3   0x00000000        0x2 src/main.o
 .rodata.pin2   0x00000000        0x2 src/main.o
 .rodata.pin1   0x00000000        0x2 src/main.o
 .debug_macro   0x00000000      0xa4e src/main.o
 .debug_macro   0x00000000       0x10 src/main.o
 .debug_macro   0x00000000      0x1c9 src/main.o
 .debug_macro   0x00000000      0x2fc src/main.o
 .debug_macro   0x00000000       0x9e src/main.o
 .debug_macro   0x00000000     0x208b src/main.o
 .debug_macro   0x00000000      0x14f src/main.o
 .debug_macro   0x00000000       0xd9 src/main.o
 .debug_macro   0x00000000       0x34 src/main.o
 .debug_macro   0x00000000       0x18 src/main.o
 .debug_macro   0x00000000       0x6c src/main.o
 .debug_macro   0x00000000      0x154 src/main.o
 .debug_macro   0x00000000       0x10 src/main.o
 .text          0x00000000        0x0 c:/program files (x86)/atmel/studio/7.0/toolchain/avr8/avr8-gnu-toolchain/bin/../lib/gcc/avr/5.4.0/avr5\libgcc.a(_exit.o)
 .data          0x00000000        0x0 c:/program files (x86)/atmel/studio/7.0/toolchain/avr8/avr8-gnu-toolchain/bin/../lib/gcc/avr/5.4.0/avr5\libgcc.a(_exit.o)
 .bss           0x00000000        0x0 c:/program files (x86)/atmel/studio/7.0/toolchain/avr8/avr8-gnu-toolchain/bin/../lib/gcc/avr/5.4.0/avr5\libgcc.a(_exit.o)
 .text.libgcc.mul
                0x00000000        0x0 c:/program files (x86)/atmel/studio/7.0/toolchain/avr8/avr8-gnu-toolchain/bin/../lib/gcc/avr/5.4.0/avr5\libgcc.a(_exit.o)
 .text.libgcc.div
                0x00000000        0x0 c:/program files (x86)/atmel/studio/7.0/toolchain/avr8/avr8-gnu-toolchain/bin/../lib/gcc/avr/5.4.0/avr5\libgcc.a(_exit.o)
 .text.libgcc   0x00000000        0x0 c:/program files (x86)/atmel/studio/7.0/toolchain/avr8/avr8-gnu-toolchain/bin/../lib/gcc/avr/5.4.0/avr5\libgcc.a(_exit.o)
 .text.libgcc.prologue
                0x00000000        0x0 c:/program files (x86)/atmel/studio/7.0/toolchain/avr8/avr8-gnu-toolchain/bin/../lib/gcc/avr/5.4.0/avr5\libgcc.a(_exit.o)
 .text.libgcc.builtins
                0x00000000        0x0 c:/program files (x86)/atmel/studio/7.0/toolchain/avr8/avr8-gnu-toolchain/bin/../lib/gcc/avr/5.4.0/avr5\libgcc.a(_exit.o)
 .text.libgcc.fmul
                0x00000000        0x0 c:/program files (x86)/atmel/studio/7.0/toolchain/avr8/avr8-gnu-toolchain/bin/../lib/gcc/avr/5.4.0/avr5\libgcc.a(_exit.o)
 .text.libgcc.fixed
                0x00000000        0x0 c:/program files (x86)/atmel/studio/7.0/toolchain/avr8/avr8-gnu-toolchain/bin/../lib/gcc/avr/5.4.0/avr5\libgcc.a(_exit.o)
 .text          0x00000000        0x0 c:/program files (x86)/atmel/studio/7.0/toolchain/avr8/avr8-gnu-toolchain/bin/../lib/gcc/avr/5.4.0/avr5\libgcc.a(_tablejump2.o)
 .data          0x00000000        0x0 c:/program files (x86)/atmel/studio/7.0/toolchain/avr8/avr8-gnu-toolchain/bin/../lib/gcc/avr/5.4.0/avr5\libgcc.a(_tablejump2.o)
 .bss           0x00000000        0x0 c:/program files (x86)/atmel/studio/7.0/toolchain/avr8/avr8-gnu-toolchain/bin/../lib/gcc/avr/5.4.0/avr5\libgcc.a(_tablejump2.o)
 .text.libgcc.mul
                0x00000000        0x0 c:/program files (x86)/atmel/studio/7.0/toolchain/avr8/avr8-gnu-toolchain/bin/../lib/gcc/avr/5.4.0/avr5\libgcc.a(_tablejump2.o)
 .text.libgcc.div
                0x00000000        0x0 c:/program files (x86)/atmel/studio/7.0/toolchain/avr8/avr8-gnu-toolchain/bin/../lib/gcc/avr/5.4.0/avr5\libgcc.a(_tablejump2.o)
 .text.libgcc.prologue
                0x00000000        0x0 c:/program files (x86)/atmel/studio/7.0/toolchain/avr8/avr8-gnu-toolchain/bin/../lib/gcc/avr/5.4.0/avr5\libgcc.a(_tablejump2.o)
 .text.libgcc.builtins
                0x00000000        0x0 c:/program files (x86)/atmel/studio/7.0/toolchain/avr8/avr8-gnu-toolchain/bin/../lib/gcc/avr/5.4.0/avr5\libgcc.a(_tablejump2.o)
 .text.libgcc.fmul
                0x00000000        0x0 c:/program files (x86)/atmel/studio/7.0/toolchain/avr8/avr8-gnu-toolchain/bin/../lib/gcc/avr/5.4.0/avr5\libgcc.a(_tablejump2.o)
 .text.libgcc.fixed
                0x00000000        0x0 c:/program files (x86)/atmel/studio/7.0/toolchain/avr8/avr8-gnu-toolchain/bin/../lib/gcc/avr/5.4.0/avr5\libgcc.a(_tablejump2.o)
 .text          0x00000000        0x0 c:/program files (x86)/atmel/studio/7.0/toolchain/avr8/avr8-gnu-toolchain/bin/../lib/gcc/avr/5.4.0/avr5\libgcc.a(_copy_data.o)
 .data          0x00000000        0x0 c:/program files (x86)/atmel/studio/7.0/toolchain/avr8/avr8-gnu-toolchain/bin/../lib/gcc/avr/5.4.0/avr5\libgcc.a(_copy_data.o)
 .bss           0x00000000        0x0 c:/program files (x86)/atmel/studio/7.0/toolchain/avr8/avr8-gnu-toolchain/bin/../lib/gcc/avr/5.4.0/avr5\libgcc.a(_copy_data.o)
 .text.libgcc.mul
                0x00000000        0x0 c:/program files (x86)/atmel/studio/7.0/toolchain/avr8/avr8-gnu-toolchain/bin/../lib/gcc/avr/5.4.0/avr5\libgcc.a(_copy_data.o)
 .text.libgcc.div
                0x00000000        0x0 c:/program files (x86)/atmel/studio/7.0/toolchain/avr8/avr8-gnu-toolchain/bin/../lib/gcc/avr/5.4.0/avr5\libgcc.a(_copy_data.o)
 .text.libgcc   0x00000000        0x0 c:/program files (x86)/atmel/studio/7.0/toolchain/avr8/avr8-gnu-toolchain/bin/../lib/gcc/avr/5.4.0/avr5\libgcc.a(_copy_data.o)
 .text.libgcc.prologue
                0x00000000        0x0 c:/program files (x86)/atmel/studio/7.0/toolchain/avr8/avr8-gnu-toolchain/bin/../lib/gcc/avr/5.4.0/avr5\libgcc.a(_copy_data.o)
 .text.libgcc.builtins
                0x00000000        0x0 c:/program files (x86)/atmel/studio/7.0/toolchain/avr8/avr8-gnu-toolchain/bin/../lib/gcc/avr/5.4.0/avr5\libgcc.a(_copy_data.o)
 .text.libgcc.fmul
                0x00000000        0x0 c:/program files (x86)/atmel/studio/7.0/toolchain/avr8/avr8-gnu-toolchain/bin/../lib/gcc/avr/5.4.0/avr5\libgcc.a(_copy_data.o)
 .text.libgcc.fixed
                0x00000000        0x0 c:/program files (x86)/atmel/studio/7.0/toolchain/avr8/avr8-gnu-toolchain/bin/../lib/gcc/avr/5.4.0/avr5\libgcc.a(_copy_data.o)
 .text          0x00000000        0x0 c:/program files (x86)/atmel/studio/7.0/toolchain/avr8/avr8-gnu-toolchain/bin/../lib/gcc/avr/5.4.0/avr5\libgcc.a(_clear_bss.o)
 .data          0x00000000        0x0 c:/program files (x86)/atmel/studio/7.0/toolchain/avr8/avr8-gnu-toolchain/bin/../lib/gcc/avr/5.4.0/avr5\libgcc.a(_clear_bss.o)
 .bss           0x00000000        0x0 c:/program files (x86)/atmel/studio/7.0/toolchain/avr8/avr8-gnu-toolchain/bin/../lib/gcc/avr/5.4.0/avr5\libgcc.a(_clear_bss.o)
 .text.libgcc.mul
                0x00000000        0x0 c:/program files (x86)/atmel/studio/7.0/toolchain/avr8/avr8-gnu-toolchain/bin/../lib/gcc/avr/5.4.0/avr5\libgcc.a(_clear_bss.o)
 .text.libgcc.div
                0x00000000        0x0 c:/program files (x86)/atmel/studio/7.0/toolchain/avr8/avr8-gnu-toolchain/bin/../lib/gcc/avr/5.4.0/avr5\libgcc.a(_clear_bss.o)
 .text.libgcc   0x00000000        0x0 c:/program files (x86)/atmel/studio/7.0/toolchain/avr8/avr8-gnu-toolchain/bin/../lib/gcc/avr/5.4.0/avr5\libgcc.a(_clear_bss.o)
 .text.libgcc.prologue
                0x00000000        0x0 c:/program files (x86)/atmel/studio/7.0/toolchain/avr8/avr8-gnu-toolchain/bin/../lib/gcc/avr/5.4.0/avr5\libgcc.a(_clear_bss.o)
 .text.libgcc.builtins
                0x00000000        0x0 c:/program files (x86)/atmel/studio/7.0/toolchain/avr8/avr8-gnu-toolchain/bin/../lib/gcc/avr/5.4.0/avr5\libgcc.a(_clear_bss.o)
 .text.libgcc.fmul
                0x00000000        0x0 c:/program files (x86)/atmel/studio/7.0/toolchain/avr8/avr8-gnu-toolchain/bin/../lib/gcc/avr/5.4.0/avr5\libgcc.a(_clear_bss.o)
 .text.libgcc.fixed
                0x00000000        0x0 c:/program files (x86)/atmel/studio/7.0/toolchain/avr8/avr8-gnu-toolchain/bin/../lib/gcc/avr/5.4.0/avr5\libgcc.a(_clear_bss.o)

Memory Configuration

Name             Origin             Length             Attributes
text             0x00000000         0x00020000         xr
data             0x00800060         0x0000ffa0         rw !x
eeprom           0x00810000         0x00010000         rw !x
fuse             0x00820000         0x00000003         rw !x
lock             0x00830000         0x00000400         rw !x
signature        0x00840000         0x00000400         rw !x
user_signatures  0x00850000         0x00000400         rw !x
*default*        0x00000000         0xffffffff

Linker script and memory map

Address of section .data set to 0x800100
LOAD C:/Program Files (x86)/Atmel/Studio/7.0/Packs/atmel/ATmega_DFP/1.2.150/gcc/dev/atmega32u4/avr5/crtatmega32u4.o
LOAD src/funcoes.o
LOAD src/lcd_usb.o
LOAD src/ASF/common/boards/user_board/init.o
LOAD src/main.o
START GROUP
LOAD c:/program files (x86)/atmel/studio/7.0/toolchain/avr8/avr8-gnu-toolchain/bin/../lib/gcc/avr/5.4.0/../../../../avr/lib/avr5\libm.a
END GROUP
START GROUP
LOAD c:/program files (x86)/atmel/studio/7.0/toolchain/avr8/avr8-gnu-toolchain/bin/../lib/gcc/avr/5.4.0/avr5\libgcc.a
LOAD c:/program files (x86)/atmel/studio/7.0/toolchain/avr8/avr8-gnu-toolchain/bin/../lib/gcc/avr/5.4.0/../../../../avr/lib/avr5\libm.a
LOAD c:/program files (x86)/atmel/studio/7.0/toolchain/avr8/avr8-gnu-toolchain/bin/../lib/gcc/avr/5.4.0/../../../../avr/lib/avr5\libc.a
LOAD C:/Program Files (x86)/Atmel/Studio/7.0/Packs/atmel/ATmega_DFP/1.2.150/gcc/dev/atmega32u4/avr5\libatmega32u4.a
END GROUP
                0x00020000                __TEXT_REGION_LENGTH__ = DEFINED (__TEXT_REGION_LENGTH__)?__TEXT_REGION_LENGTH__:0x20000
                0x0000ffa0                __DATA_REGION_LENGTH__ = DEFINED (__DATA_REGION_LENGTH__)?__DATA_REGION_LENGTH__:0xffa0
                0x00010000                __EEPROM_REGION_LENGTH__ = DEFINED (__EEPROM_REGION_LENGTH__)?__EEPROM_REGION_LENGTH__:0x10000
                [0x00000003]                __FUSE_REGION_LENGTH__ = DEFINED (__FUSE_REGION_LENGTH__)?__FUSE_REGION_LENGTH__:0x400
                0x00000400                __LOCK_REGION_LENGTH__ = DEFINED (__LOCK_REGION_LENGTH__)?__LOCK_REGION_LENGTH__:0x400
                0x00000400                __SIGNATURE_REGION_LENGTH__ = DEFINED (__SIGNATURE_REGION_LENGTH__)?__SIGNATURE_REGION_LENGTH__:0x400
                0x00000400                __USER_SIGNATURE_REGION_LENGTH__ = DEFINED (__USER_SIGNATURE_REGION_LENGTH__)?__USER_SIGNATURE_REGION_LENGTH__:0x400

.hash
 *(.hash)

.dynsym
 *(.dynsym)

.dynstr
 *(.dynstr)

.gnu.version
 *(.gnu.version)

.gnu.version_d
 *(.gnu.version_d)

.gnu.version_r
 *(.gnu.version_r)

.rel.init
 *(.rel.init)

.rela.init
 *(.rela.init)

.rel.text
 *(.rel.text)
 *(.rel.text.*)
 *(.rel.gnu.linkonce.t*)

.rela.text
 *(.rela.text)
 *(.rela.text.*)
 *(.rela.gnu.linkonce.t*)

.rel.fini
 *(.rel.fini)

.rela.fini
 *(.rela.fini)

.rel.rodata
 *(.rel.rodata)
 *(.rel.rodata.*)
 *(.rel.gnu.linkonce.r*)

.rela.rodata
 *(.rela.rodata)
 *(.rela.rodata.*)
 *(.rela.gnu.linkonce.r*)

.rel.data
 *(.rel.data)
 *(.rel.data.*)
 *(.rel.gnu.linkonce.d*)

.rela.data
 *(.rela.data)
 *(.rela.data.*)
 *(.rela.gnu.linkonce.d*)

.rel.ctors
 *(.rel.ctors)

.rela.ctors
 *(.rela.ctors)

.rel.dtors
 *(.rel.dtors)

.rela.dtors
 *(.rela.dtors)

.rel.got
 *(.rel.got)

.rela.got
 *(.rela.got)

.rel.bss
 *(.rel.bss)

.rela.bss
 *(.rela.bss)

.rel.plt
 *(.rel.plt)

.rela.plt
 *(.rela.plt)

.text           0x00000000      0x38c
 *(.vectors)
 .vectors       0x00000000       0xac C:/Program Files (x86)/Atmel/Studio/7.0/Packs/atmel/ATmega_DFP/1.2.150/gcc/dev/atmega32u4/avr5/crtatmega32u4.o
                0x00000000                __vector_default
                0x00000000                __vectors
 *(.vectors)
 *(.progmem.gcc*)
 .progmem.gcc_sw_table.led_on
                0x000000ac       0x1c src/funcoes.o
 .progmem.gcc_sw_table.led_off
                0x000000c8       0x1c src/funcoes.o
                0x000000e4                . = ALIGN (0x2)
                0x000000e4                __trampolines_start = .
 *(.trampolines)
 .trampolines   0x000000e4        0x0 linker stubs
 *(.trampolines*)
                0x000000e4                __trampolines_end = .
 *libprintf_flt.a:*(.progmem.data)
 *libc.a:*(.progmem.data)
 *(.progmem*)
                0x000000e4                . = ALIGN (0x2)
 *(.jumptables)
 *(.jumptables*)
 *(.lowtext)
 *(.lowtext*)
                0x000000e4                __ctors_start = .
 *(.ctors)
                0x000000e4                __ctors_end = .
                0x000000e4                __dtors_start = .
 *(.dtors)
                0x000000e4                __dtors_end = .
 SORT(*)(.ctors)
 SORT(*)(.dtors)
 *(.init0)
 .init0         0x000000e4        0x0 C:/Program Files (x86)/Atmel/Studio/7.0/Packs/atmel/ATmega_DFP/1.2.150/gcc/dev/atmega32u4/avr5/crtatmega32u4.o
                0x000000e4                __init
 *(.init0)
 *(.init1)
 *(.init1)
 *(.init2)
 .init2         0x000000e4        0xc C:/Program Files (x86)/Atmel/Studio/7.0/Packs/atmel/ATmega_DFP/1.2.150/gcc/dev/atmega32u4/avr5/crtatmega32u4.o
 *(.init2)
 *(.init3)
 *(.init3)
 *(.init4)
 .init4         0x000000f0       0x16 c:/program files (x86)/atmel/studio/7.0/toolchain/avr8/avr8-gnu-toolchain/bin/../lib/gcc/avr/5.4.0/avr5\libgcc.a(_copy_data.o)
                0x000000f0                __do_copy_data
 .init4         0x00000106       0x10 c:/program files (x86)/atmel/studio/7.0/toolchain/avr8/avr8-gnu-toolchain/bin/../lib/gcc/avr/5.4.0/avr5\libgcc.a(_clear_bss.o)
                0x00000106                __do_clear_bss
 *(.init4)
 *(.init5)
 *(.init5)
 *(.init6)
 *(.init6)
 *(.init7)
 *(.init7)
 *(.init8)
 *(.init8)
 *(.init9)
 .init9         0x00000116        0x4 C:/Program Files (x86)/Atmel/Studio/7.0/Packs/atmel/ATmega_DFP/1.2.150/gcc/dev/atmega32u4/avr5/crtatmega32u4.o
 *(.init9)
 *(.text)
 .text          0x0000011a        0x2 C:/Program Files (x86)/Atmel/Studio/7.0/Packs/atmel/ATmega_DFP/1.2.150/gcc/dev/atmega32u4/avr5/crtatmega32u4.o
                0x0000011a                __vector_38
                0x0000011a                __vector_22
                0x0000011a                __vector_28
                0x0000011a                __vector_1
                0x0000011a                __vector_32
                0x0000011a                __vector_34
                0x0000011a                __vector_24
                0x0000011a                __vector_12
                0x0000011a                __bad_interrupt
                0x0000011a                __vector_6
                0x0000011a                __vector_31
                0x0000011a                __vector_35
                0x0000011a                __vector_39
                0x0000011a                __vector_3
                0x0000011a                __vector_30
                0x0000011a                __vector_25
                0x0000011a                __vector_11
                0x0000011a                __vector_13
                0x0000011a                __vector_17
                0x0000011a                __vector_19
                0x0000011a                __vector_7
                0x0000011a                __vector_41
                0x0000011a                __vector_27
                0x0000011a                __vector_5
                0x0000011a                __vector_33
                0x0000011a                __vector_37
                0x0000011a                __vector_4
                0x0000011a                __vector_9
                0x0000011a                __vector_2
                0x0000011a                __vector_21
                0x0000011a                __vector_15
                0x0000011a                __vector_36
                0x0000011a                __vector_29
                0x0000011a                __vector_40
                0x0000011a                __vector_8
                0x0000011a                __vector_26
                0x0000011a                __vector_14
                0x0000011a                __vector_10
                0x0000011a                __vector_16
                0x0000011a                __vector_18
                0x0000011a                __vector_20
                0x0000011a                __vector_42
                0x0000011c                . = ALIGN (0x2)
 *(.text.*)
 .text.IO_init  0x0000011c       0x2c src/funcoes.o
                0x0000011c                IO_init
 .text.__vector_23
                0x00000148       0x5e src/funcoes.o
                0x00000148                __vector_23
 .text.led_on   0x000001a6       0x4a src/funcoes.o
                0x000001a6                led_on
 .text.led_off  0x000001f0       0x4a src/funcoes.o
                0x000001f0                led_off
 .text.turnOnOffLed
                0x0000023a        0xc src/main.o
                0x0000023a                turnOnOffLed
 .text.blinkLedsSequence
                0x00000246       0x38 src/main.o
                0x00000246                blinkLedsSequence
 .text.auxBlindLedsEvenOdd
                0x0000027e       0x64 src/main.o
                0x0000027e                auxBlindLedsEvenOdd
 .text.blindLedsEvenOdd
                0x000002e2       0x2e src/main.o
                0x000002e2                blindLedsEvenOdd
 .text.auxBlinkLeds
                0x00000310       0x38 src/main.o
                0x00000310                auxBlinkLeds
 .text.blinkLeds
                0x00000348       0x1a src/main.o
                0x00000348                blinkLeds
 .text.main     0x00000362       0x1a src/main.o
                0x00000362                main
 .text.libgcc   0x0000037c        0xc c:/program files (x86)/atmel/studio/7.0/toolchain/avr8/avr8-gnu-toolchain/bin/../lib/gcc/avr/5.4.0/avr5\libgcc.a(_tablejump2.o)
                0x0000037c                __tablejump2__
                0x00000388                . = ALIGN (0x2)
 *(.fini9)
 .fini9         0x00000388        0x0 c:/program files (x86)/atmel/studio/7.0/toolchain/avr8/avr8-gnu-toolchain/bin/../lib/gcc/avr/5.4.0/avr5\libgcc.a(_exit.o)
                0x00000388                _exit
                0x00000388                exit
 *(.fini9)
 *(.fini8)
 *(.fini8)
 *(.fini7)
 *(.fini7)
 *(.fini6)
 *(.fini6)
 *(.fini5)
 *(.fini5)
 *(.fini4)
 *(.fini4)
 *(.fini3)
 *(.fini3)
 *(.fini2)
 *(.fini2)
 *(.fini1)
 *(.fini1)
 *(.fini0)
 .fini0         0x00000388        0x4 c:/program files (x86)/atmel/studio/7.0/toolchain/avr8/avr8-gnu-toolchain/bin/../lib/gcc/avr/5.4.0/avr5\libgcc.a(_exit.o)
 *(.fini0)
                0x0000038c                _etext = .

.data           0x00800100        0x2 load address 0x0000038c
                0x00800100                PROVIDE (__data_start, .)
 *(.data)
 *(.data*)
 .data.numberOfLeds
                0x00800100        0x1 src/main.o
                0x00800100                numberOfLeds
 *(.gnu.linkonce.d*)
 *(.rodata)
 *(.rodata*)
 *(.gnu.linkonce.r*)
                0x00800102                . = ALIGN (0x2)
 *fill*         0x00800101        0x1 
                0x00800102                _edata = .
                0x00800102                PROVIDE (__data_end, .)

.bss            0x00800102        0xa
                0x00800102                PROVIDE (__bss_start, .)
 *(.bss)
 *(.bss*)
 *(COMMON)
 COMMON         0x00800102        0xa src/funcoes.o
                0x00800102                tempo
                0x0080010c                PROVIDE (__bss_end, .)
                0x0000038c                __data_load_start = LOADADDR (.data)
                0x0000038e                __data_load_end = (__data_load_start + SIZEOF (.data))

.noinit         0x0080010c        0x0
                [!provide]                PROVIDE (__noinit_start, .)
 *(.noinit*)
                [!provide]                PROVIDE (__noinit_end, .)
                0x0080010c                _end = .
                [!provide]                PROVIDE (__heap_start, .)

.eeprom         0x00810000        0x0
 *(.eeprom*)
                0x00810000                __eeprom_end = .

.fuse
 *(.fuse)
 *(.lfuse)
 *(.hfuse)
 *(.efuse)

.lock
 *(.lock*)

.signature
 *(.signature*)

.user_signatures
 *(.user_signatures*)

.stab
 *(.stab)

.stabstr
 *(.stabstr)

.stab.excl
 *(.stab.excl)

.stab.exclstr
 *(.stab.exclstr)

.stab.index
 *(.stab.index)

.stab.indexstr
 *(.stab.indexstr)

.comment        0x00000000       0x30
 *(.comment)
 .comment       0x00000000       0x30 src/funcoes.o
                                 0x31 (size before relaxing)
 .comment       0x00000030       0x31 src/main.o

.note.gnu.avr.deviceinfo
                0x00000000       0x40
 .note.gnu.avr.deviceinfo
                0x00000000       0x40 C:/Program Files (x86)/Atmel/Studio/7.0/Packs/atmel/ATmega_DFP/1.2.150/gcc/dev/atmega32u4/avr5/crtatmega32u4.o

.note.gnu.build-id
 *(.note.gnu.build-id)

.debug
 *(.debug)

.line
 *(.line)

.debug_srcinfo
 *(.debug_srcinfo)

.debug_sfnames
 *(.debug_sfnames)

.debug_aranges  0x00000000       0xb0
 *(.debug_aranges)
 .debug_aranges
                0x00000000       0x60 src/funcoes.o
 .debug_aranges
                0x00000060       0x50 src/main.o

.debug_pubnames
 *(.debug_pubnames)

.debug_info     0x00000000     0x1036
 *(.debug_info .gnu.linkonce.wi.*)
 .debug_info    0x00000000      0x9f4 C:/Program Files (x86)/Atmel/Studio/7.0/Packs/atmel/ATmega_DFP/1.2.150/gcc/dev/atmega32u4/avr5/crtatmega32u4.o
 .debug_info    0x000009f4      0x1ed src/funcoes.o
 .debug_info    0x00000be1      0x455 src/main.o

.debug_abbrev   0x00000000      0xc10
 *(.debug_abbrev)
 .debug_abbrev  0x00000000      0x96a C:/Program Files (x86)/Atmel/Studio/7.0/Packs/atmel/ATmega_DFP/1.2.150/gcc/dev/atmega32u4/avr5/crtatmega32u4.o
 .debug_abbrev  0x0000096a       0xea src/funcoes.o
 .debug_abbrev  0x00000a54      0x1bc src/main.o

.debug_line     0x00000000      0xb51
 *(.debug_line .debug_line.* .debug_line_end)
 .debug_line    0x00000000      0x199 C:/Program Files (x86)/Atmel/Studio/7.0/Packs/atmel/ATmega_DFP/1.2.150/gcc/dev/atmega32u4/avr5/crtatmega32u4.o
 .debug_line    0x00000199      0x53c src/funcoes.o
 .debug_line    0x000006d5      0x47c src/main.o

.debug_frame    0x00000000      0x19c
 *(.debug_frame)
 .debug_frame   0x00000000       0xc4 src/funcoes.o
 .debug_frame   0x000000c4       0xd8 src/main.o

.debug_str      0x00000000     0xc231
 *(.debug_str)
 .debug_str     0x00000000      0x371 C:/Program Files (x86)/Atmel/Studio/7.0/Packs/atmel/ATmega_DFP/1.2.150/gcc/dev/atmega32u4/avr5/crtatmega32u4.o
 .debug_str     0x00000371     0x876b src/funcoes.o
                               0x8840 (size before relaxing)
 .debug_str     0x00008adc     0x3755 src/main.o
                               0xbc0f (size before relaxing)

.debug_loc      0x00000000      0x4b4
 *(.debug_loc)
 .debug_loc     0x00000000      0x101 src/funcoes.o
 .debug_loc     0x00000101      0x3b3 src/main.o

.debug_macinfo
 *(.debug_macinfo)

.debug_weaknames
 *(.debug_weaknames)

.debug_funcnames
 *(.debug_funcnames)

.debug_typenames
 *(.debug_typenames)

.debug_varnames
 *(.debug_varnames)

.debug_pubtypes
 *(.debug_pubtypes)

.debug_ranges   0x00000000       0x90
 *(.debug_ranges)
 .debug_ranges  0x00000000       0x50 src/funcoes.o
 .debug_ranges  0x00000050       0x40 src/main.o

.debug_macro    0x00000000     0x3d52
 *(.debug_macro)
 .debug_macro   0x00000000       0xa3 src/funcoes.o
 .debug_macro   0x000000a3      0xa4e src/funcoes.o
 .debug_macro   0x00000af1       0x10 src/funcoes.o
 .debug_macro   0x00000b01      0x1c9 src/funcoes.o
 .debug_macro   0x00000cca      0x2fc src/funcoes.o
 .debug_macro   0x00000fc6       0x9e src/funcoes.o
 .debug_macro   0x00001064     0x208b src/funcoes.o
 .debug_macro   0x000030ef      0x14f src/funcoes.o
 .debug_macro   0x0000323e       0xd9 src/funcoes.o
 .debug_macro   0x00003317       0x34 src/funcoes.o
 .debug_macro   0x0000334b       0x18 src/funcoes.o
 .debug_macro   0x00003363       0x6c src/funcoes.o
 .debug_macro   0x000033cf       0x69 src/funcoes.o
 .debug_macro   0x00003438      0x154 src/funcoes.o
 .debug_macro   0x0000358c      0x126 src/main.o
 .debug_macro   0x000036b2       0x58 src/main.o
 .debug_macro   0x0000370a       0x10 src/main.o
 .debug_macro   0x0000371a       0x97 src/main.o
 .debug_macro   0x000037b1       0xf2 src/main.o
 .debug_macro   0x000038a3       0x10 src/main.o
 .debug_macro   0x000038b3      0x166 src/main.o
 .debug_macro   0x00003a19       0x12 src/main.o
 .debug_macro   0x00003a2b      0x17b src/main.o
 .debug_macro   0x00003ba6      0x1ac src/main.o
OUTPUT(leds.elf elf32-avr)
LOAD linker stubs
